/bin/sh: 1: npx: not found
